[backblue.gif]
[fade.gif]
[index.html]
[www.samomatky.cz/wp-content/themes/dualshock/apple-touch-icon.png]
[www.samomatky.cz/xmlrpc.php]
[www.samomatky.cz/wp-includes/js/jquery/jquery90f9.js]
[www.samomatky.cz/indexd784.html]
[www.samomatky.cz/indexa6da.html]
[www.samomatky.cz/wp-includes/js/jquery/jquery-migrate.min1576.js]
[www.samomatky.cz/wp-content/themes/dualshock/js/modernizr.minf9b8.js]
[www.samomatky.cz/wp-content/themes/dualshock/js/customscriptf9b8.js]
[www.samomatky.cz/wp-content/plugins/wp-shortcode/js/wp-shortcodef9b8.js]
[www.samomatky.cz/xmlrpc0db0.php]
[www.samomatky.cz/wp-includes/wlwmanifest.xml]
[www.samomatky.cz/wp-content/uploads/2015/06/single-mom-389x200.jpg]
[www.samomatky.cz/wp-content/uploads/2015/01/cunda.jpg]
[www.samomatky.cz/wp-content/themes/dualshock/images/nothumb.png]
[www.samomatky.cz/wp-content/uploads/2015/01/pslogo1-450x200.jpg]
[www.samomatky.cz/wp-content/uploads/2014/12/cooking-450x200.png]
[www.samomatky.cz/wp-content/uploads/2015/01/signle-220x200.jpg]
[www.samomatky.cz/wp-content/uploads/2014/12/dotaznik.jpg]
[www.samomatky.cz/wp-content/uploads/2014/12/leknikn-450x200.jpg]
[www.samomatky.cz/wp-content/uploads/2014/12/svetpanenka-450x200.jpg]
[www.samomatky.cz/index.html]
[www.samomatky.cz/wp-content/themes/dualshock/images/bg.png]
[www.samomatky.cz/wp-content/themes/dualshock/images/search_image.png]
[www.samomatky.cz/wp-content/themes/dualshock/images/top_arrow.png]
[www.samomatky.cz/wp-content/themes/dualshock/images/nav-icon.png]
[www.samomatky.cz/wp-content/themes/dualshock/stylef9b8.css]
[www.samomatky.cz/wp-content/plugins/wp-shortcode/images/code.png]
[www.samomatky.cz/wp-content/plugins/wp-shortcode/images/thumb.png]
[www.samomatky.cz/wp-content/plugins/wp-shortcode/images/speaker.png]
[www.samomatky.cz/wp-content/plugins/wp-shortcode/images/tick.png]
[www.samomatky.cz/wp-content/plugins/wp-shortcode/images/cross.png]
[www.samomatky.cz/wp-content/plugins/wp-shortcode/images/toggle-down.png]
[www.samomatky.cz/wp-content/plugins/wp-shortcode/images/toggle-up.png]
[www.samomatky.cz/wp-content/plugins/wp-shortcode/css/wp-shortcodef9b8.css]
[www.samomatky.cz/wordpress/index.html]
[www.samomatky.cz/wordpress/wp-content/uploads/2014/12/leknin.jpg]
[www.samomatky.cz/wordpress/wp-content/uploads/2014/12/leknin-300x225.jpg]
[www.samomatky.cz/index795c.html]
[www.samomatky.cz/wp-includes/js/comment-reply.minf9b8.js]
[www.samomatky.cz/index1df3.html]
[www.samomatky.cz/indexba53.html]
[www.samomatky.cz/indexd7ad.html]
[www.samomatky.cz/index76cc.html]
[www.samomatky.cz/indexe0eb.html]
[www.samomatky.cz/index5c2f.html]
[www.samomatky.cz/index5cf4.html]
[www.samomatky.cz/wp-content/uploads/2014/12/leknikn-85x65.jpg]
[www.samomatky.cz/index05bb.html]
[www.samomatky.cz/wp-content/uploads/2014/12/cooking-85x65.png]
[www.samomatky.cz/indexb6ad.html]
[www.samomatky.cz/indexcd64.html]
[www.samomatky.cz/indexb31a.html]
[www.samomatky.cz/index6ffe.html]
[www.samomatky.cz/indexb5e7.html]
[www.samomatky.cz/index7e31.html]
[www.samomatky.cz/index78a0.html]
[www.samomatky.cz/wp-content/uploads/2015/06/single-mom-85x65.jpg]
[www.samomatky.cz/index3f3a.html]
[www.samomatky.cz/index21c6.html]
[www.samomatky.cz/index22d5.html]
[www.samomatky.cz/wp-content/uploads/2014/12/dotaznik-85x65.jpg]
[www.samomatky.cz/index8cd4.html]
[www.samomatky.cz/index81ea.html]
[www.samomatky.cz/indexc6df.html]
[www.samomatky.cz/index3e4c.html]
[www.samomatky.cz/wp-includes/images/smilies/icon_smile.gif]
[www.samomatky.cz/index9020.html]
[www.samomatky.cz/wp-content/uploads/2015/01/cunda-85x65.jpg]
[www.samomatky.cz/index49b1.html]
[www.samomatky.cz/index6108.html]
[www.samomatky.cz/wp-content/uploads/2014/12/svetpanenka-85x65.jpg]
[www.samomatky.cz/index3ba0.html]
[www.samomatky.cz/indexb946.html]
[www.samomatky.cz/wp-content/uploads/2015/01/pslogo1-85x65.jpg]
[www.samomatky.cz/index88b9.html]
[www.samomatky.cz/indexa0d9.html]
[www.samomatky.cz/wp-content/themes/dualshock/images/smallthumb.png]
[www.samomatky.cz/index42dc.html]
[www.samomatky.cz/index25cd.html]
[www.samomatky.cz/index8956.html]
[www.samomatky.cz/wordpress/wp-content/uploads/2014/12/svetpanenka.jpg]
[www.samomatky.cz/wp-content/uploads/2015/01/signle-85x65.jpg]
[www.samomatky.cz/index1d26.html]
[www.samomatky.cz/indexe539.html]
[www.samomatky.cz/wp-content/plugins/wp-review/assets/js/main2c3d.js]
[www.samomatky.cz/indexcff1.html]
[www.samomatky.cz/indexe04d.html]
[www.samomatky.cz/index5c83.html]
[www.samomatky.cz/index44ad.html]
[www.samomatky.cz/wp-login.html]
[www.samomatky.cz/index2dc4.html]
[www.samomatky.cz/index905b.html]
[www.samomatky.cz/wordpress/wp-admin/index.html]
[www.samomatky.cz/index2dc8.html]
[www.samomatky.cz/index0721.html]
[www.samomatky.cz/wp-admin/admin-ajax.html]
[www.samomatky.cz/wp-content/plugins/wp-review/assets/fonts/font-icons.eot]
[www.samomatky.cz/wp-content/plugins/wp-review/assets/fonts/font-icons.woff]
[www.samomatky.cz/wp-content/plugins/wp-review/assets/fonts/font-icons.ttf]
[www.samomatky.cz/wp-content/plugins/wp-review/assets/css/wp-review2c3d.css]
[www.samomatky.cz/index301c.html]
[www.samomatky.cz/wp-includes/css/buttons.minf9b8.css]
[www.samomatky.cz/wp-includes/fonts/dashicons.eot]
[www.samomatky.cz/wp-includes/css/dashicons.minf9b8.css]
[www.samomatky.cz/wp-admin/images/loading.gif]
[www.samomatky.cz/wp-admin/images/w-logo-blue7a53.png]
[www.samomatky.cz/wp-admin/css/login.minf9b8.css]
[www.samomatky.cz/wp-admin/index.html]
[www.samomatky.cz/wp-loginc2b6.html]
[www.samomatky.cz/wp-logind38a.html]
[www.samomatky.cz/wp-content/plugins/wp-review/assets/fonts/font-icons.svg]
[www.samomatky.cz/wp-admin/images/wordpress-logo7d6b.svg]
[www.samomatky.cz/wp-login6278.html]
[www.samomatky.cz/wordpress/wp-admin/&reauth=1.html]
[www.samomatky.cz/wp-admin/&reauth=1.html]
